// Jest Snapshot v1, https://goo.gl/fbAQLP

exports[`extractFields should extract the values we expect 1`] = `
Object {
  "BadDebtExpenseAmt": 75526511,
  "BadDebtExpenseAttributableAmt": 27994066,
  "CashAndInKindContributionsGrp_DirectOffsettingRevenueAmt": "",
  "CashAndInKindContributionsGrp_NetCommunityBenefitExpnsAmt": "",
  "CashAndInKindContributionsGrp_TotalCommunityBenefitExpnsAmt": "",
  "CashAndInKindContributionsGrp_TotalExpensePct": "",
  "CommunityHealthServicesGrp_DirectOffsettingRevenueAmt": "",
  "CommunityHealthServicesGrp_NetCommunityBenefitExpnsAmt": "",
  "CommunityHealthServicesGrp_TotalCommunityBenefitExpnsAmt": "",
  "CommunityHealthServicesGrp_TotalExpensePct": "",
  "CostOfCareReimbursedByMedcrAmt": 665359239,
  "FinancialAssistanceAtCostTyp_DirectOffsettingRevenueAmt": 0,
  "FinancialAssistanceAtCostTyp_NetCommunityBenefitExpnsAmt": 4167050,
  "FinancialAssistanceAtCostTyp_TotalCommunityBenefitExpnsAmt": 4167050,
  "FinancialAssistanceAtCostTyp_TotalExpensePct": 0.0006,
  "HealthProfessionsEducationGrp_DirectOffsettingRevenueAmt": 55884226,
  "HealthProfessionsEducationGrp_NetCommunityBenefitExpnsAmt": 82883656,
  "HealthProfessionsEducationGrp_TotalCommunityBenefitExpnsAmt": 138767882,
  "HealthProfessionsEducationGrp_TotalExpensePct": 0.0119,
  "MedicareSurplusOrShortfallAmt": -47406484,
  "ReimbursedByMedicareAmt": 617952755,
  "ResearchGrp_DirectOffsettingRevenueAmt": 603889647,
  "ResearchGrp_NetCommunityBenefitExpnsAmt": 139015405,
  "ResearchGrp_TotalCommunityBenefitExpnsAmt": 742905052,
  "ResearchGrp_TotalExpensePct": 0.0199,
  "SubsidizedHealthServicesGrp_DirectOffsettingRevenueAmt": "",
  "SubsidizedHealthServicesGrp_NetCommunityBenefitExpnsAmt": "",
  "SubsidizedHealthServicesGrp_TotalCommunityBenefitExpnsAmt": "",
  "SubsidizedHealthServicesGrp_TotalExpensePct": "",
  "TotalCommunityBenefitsGrp_DirectOffsettingRevenueAmt": 959240315,
  "TotalCommunityBenefitsGrp_NetCommunityBenefitExpnsAmt": 328588622,
  "TotalCommunityBenefitsGrp_TotalCommunityBenefitExpnsAmt": 1287828937,
  "TotalCommunityBenefitsGrp_TotalExpensePct": 0.0471,
  "TotalFinancialAssistanceTyp_DirectOffsettingRevenueAmt": 299466442,
  "TotalFinancialAssistanceTyp_NetCommunityBenefitExpnsAmt": 106689561,
  "TotalFinancialAssistanceTyp_TotalCommunityBenefitExpnsAmt": 406156003,
  "TotalFinancialAssistanceTyp_TotalExpensePct": 0.0153,
  "TotalOtherBenefitsGrp_DirectOffsettingRevenueAmt": 659773873,
  "TotalOtherBenefitsGrp_NetCommunityBenefitExpnsAmt": 221899061,
  "TotalOtherBenefitsGrp_TotalCommunityBenefitExpnsAmt": 881672934,
  "TotalOtherBenefitsGrp_TotalExpensePct": 0.0318,
  "UnreimbursedMedicaidGrp_DirectOffsettingRevenueAmt": 299466442,
  "UnreimbursedMedicaidGrp_NetCommunityBenefitExpnsAmt": 102522511,
  "UnreimbursedMedicaidGrp_TotalCommunityBenefitExpnsAmt": 401988953,
  "UnreimbursedMedicaidGrp_TotalExpensePct": 0.0147,
  "businessName": "TRUSTEES OF THE UNIVERSITY OF PENNSYLVANIA",
  "ein": "231352685",
  "otherSalaryAndWages": 3029877958,
  "returnTimeStamp": "2020-07-10T15:52:51-05:00",
  "taxEndDate": "2019-06-30",
  "taxYear": 2018,
  "totalFunctionalExpenses": 6978995000,
}
`;
